Money.java:24: warning: Method normalize() has 'assignable \everything', making its caller likely impossible to verify
    //@ requires dollars + cents/100 <= Integer.MAX_VALUE;
        ^
Money.java:18: warning: Associated declaration: Money.java:24:
        this.normalize();
                      ^
Money.java:24: warning: Method normalize() has 'assignable \everything', making its caller likely impossible to verify
    //@ requires dollars + cents/100 <= Integer.MAX_VALUE;
        ^
Money.java:19: warning: Associated declaration: Money.java:24:
        m.normalize();
                   ^
Money.java:18: verify: The prover cannot establish an assertion (Assignable: Money.java:17:) in method equals: \everything
        this.normalize();
                      ^
Money.java:17: verify: Associated declaration: Money.java:18:
    public /*@ pure @*/ boolean equals(Money m) {
               ^
Money.java:19: verify: The prover cannot establish an assertion (Precondition: Money.java:26:) in method equals
        m.normalize();
                   ^
Money.java:26: verify: Associated declaration: Money.java:19:
    public void normalize() {
                ^
Money.java:24: verify: Precondition conjunct is false: dollars + cents / 100 <= Integer.MAX_VALUE
    //@ requires dollars + cents/100 <= Integer.MAX_VALUE;
                                     ^
Money.java:19: verify: The prover cannot establish an assertion (Assignable: Money.java:17:) in method equals: \everything
        m.normalize();
                   ^
Money.java:17: verify: Associated declaration: Money.java:19:
    public /*@ pure @*/ boolean equals(Money m) {
               ^
4 warnings
7 verification failures
